⚠ The "middleware" file convention is deprecated. Please use "proxy" instead.

  To migrate automatically, run:
  npx @next/codemod@canary middleware-to-proxy .

  Learn more: https://nextjs.org/docs/messages/middleware-to-proxy
[browser] ⨯ unhandledRejection: ClerkRuntimeError: Clerk: Failed to load Clerk JS, failed to load script: https://generous-sturgeon-79.clerk.accounts.dev/npm/@clerk/clerk-js@6/dist/clerk.browser.js

(code="failed_to_load_clerk_js")


[browser] ⨯ unhandledRejection: ClerkRuntimeError: Clerk: Failed to load Clerk JS, failed to load script: https://generous-sturgeon-79.clerk.accounts.dev/npm/@clerk/clerk-js@6/dist/clerk.browser.js

(code="failed_to_load_clerk_js")


[browser] ⨯ unhandledRejection: ClerkRuntimeError: Clerk: Failed to load Clerk JS, failed to load script: https://generous-sturgeon-79.clerk.accounts.dev/npm/@clerk/clerk-js@6.28.1/dist/clerk.browser.js

(code="failed_to_load_clerk_js")


[browser] Clerk: Clerk has been loaded with development keys. Development instances have strict usage limits and should not be used when deploying your application to production. Learn more: https://clerk.com/docs/deployments/overview (https://generous-sturgeon-79.clerk.accounts.dev/npm/@clerk/clerk-js@6/dist/clerk.browser.js:12:6133)
[browser] Clerk: Clerk has been loaded with development keys. Development instances have strict usage limits and should not be used when deploying your application to production. Learn more: https://clerk.com/docs/deployments/overview (https://generous-sturgeon-79.clerk.accounts.dev/npm/@clerk/clerk-js@6/dist/clerk.browser.js:12:6133)
⨯ ./src/components/RequireSignIn.tsx:3:1
Error: Export SignedIn doesn't exist in target module
  [90m1 |[0m [32m"use client"[0m;
  [90m2 |[0m
[31m[1m>[0m [90m3 |[0m [36mimport[0m { [33mSignedIn[0m, [33mSignedOut[0m } [36mfrom[0m [32m"@clerk/nextjs"[0m;
  [90m  |[0m [31m[1m^^^^^^^^^^^^^^^^^^^^^^^^^^^^^^^^^^^^^^^^^^^^^^^^^^^^[0m
  [90m4 |[0m [36mimport[0m [36mtype[0m { [33mReactNode[0m } [36mfrom[0m [32m"react"[0m;
  [90m5 |[0m [36mimport[0m { [33mLink[0m } [36mfrom[0m [32m"@/i18n/navigation"[0m;
  [90m6 |[0m [36mimport[0m { [33mDEV_AUTH_BYPASS[0m } [36mfrom[0m [32m"@/lib/dev-auth"[0m;

The export SignedIn was not found in module [project]/node_modules/@clerk/nextjs/dist/esm/index.js [app-client] (ecmascript).
Did you mean to import SignIn?
All exports of the module are statically known (It doesn't have dynamic exports). So it's known statically that the requested export doesn't exist.

Import trace:
  Server Component:
    ./src/components/RequireSignIn.tsx
    ./src/app/[locale]/dashboard/layout.tsx



./src/components/RequireSignIn.tsx:3:1
Error: Export SignedIn doesn't exist in target module
  [90m1 |[0m [32m"use client"[0m;
  [90m2 |[0m
[31m[1m>[0m [90m3 |[0m [36mimport[0m { [33mSignedIn[0m, [33mSignedOut[0m } [36mfrom[0m [32m"@clerk/nextjs"[0m;
  [90m  |[0m [31m[1m^^^^^^^^^^^^^^^^^^^^^^^^^^^^^^^^^^^^^^^^^^^^^^^^^^^^[0m
  [90m4 |[0m [36mimport[0m [36mtype[0m { [33mReactNode[0m } [36mfrom[0m [32m"react"[0m;
  [90m5 |[0m [36mimport[0m { [33mLink[0m } [36mfrom[0m [32m"@/i18n/navigation"[0m;
  [90m6 |[0m [36mimport[0m { [33mDEV_AUTH_BYPASS[0m } [36mfrom[0m [32m"@/lib/dev-auth"[0m;

The export SignedIn was not found in module [project]/node_modules/@clerk/nextjs/dist/esm/index.js [app-ssr] (ecmascript).
Did you mean to import SignIn?
All exports of the module are statically known (It doesn't have dynamic exports). So it's known statically that the requested export doesn't exist.

Import trace:
  Server Component:
    ./src/components/RequireSignIn.tsx
    ./src/app/[locale]/dashboard/layout.tsx



./src/components/RequireSignIn.tsx:3:1
Error: Export SignedOut doesn't exist in target module
  [90m1 |[0m [32m"use client"[0m;
  [90m2 |[0m
[31m[1m>[0m [90m3 |[0m [36mimport[0m { [33mSignedIn[0m, [33mSignedOut[0m } [36mfrom[0m [32m"@clerk/nextjs"[0m;
  [90m  |[0m [31m[1m^^^^^^^^^^^^^^^^^^^^^^^^^^^^^^^^^^^^^^^^^^^^^^^^^^^^[0m
  [90m4 |[0m [36mimport[0m [36mtype[0m { [33mReactNode[0m } [36mfrom[0m [32m"react"[0m;
  [90m5 |[0m [36mimport[0m { [33mLink[0m } [36mfrom[0m [32m"@/i18n/navigation"[0m;
  [90m6 |[0m [36mimport[0m { [33mDEV_AUTH_BYPASS[0m } [36mfrom[0m [32m"@/lib/dev-auth"[0m;

The export SignedOut was not found in module [project]/node_modules/@clerk/nextjs/dist/esm/index.js [app-client] (ecmascript).
Did you mean to import SignOutButton?
All exports of the module are statically known (It doesn't have dynamic exports). So it's known statically that the requested export doesn't exist.

Import trace:
  Server Component:
    ./src/components/RequireSignIn.tsx
    ./src/app/[locale]/dashboard/layout.tsx



./src/components/RequireSignIn.tsx:3:1
Error: Export SignedOut doesn't exist in target module
  [90m1 |[0m [32m"use client"[0m;
  [90m2 |[0m
[31m[1m>[0m [90m3 |[0m [36mimport[0m { [33mSignedIn[0m, [33mSignedOut[0m } [36mfrom[0m [32m"@clerk/nextjs"[0m;
  [90m  |[0m [31m[1m^^^^^^^^^^^^^^^^^^^^^^^^^^^^^^^^^^^^^^^^^^^^^^^^^^^^[0m
  [90m4 |[0m [36mimport[0m [36mtype[0m { [33mReactNode[0m } [36mfrom[0m [32m"react"[0m;
  [90m5 |[0m [36mimport[0m { [33mLink[0m } [36mfrom[0m [32m"@/i18n/navigation"[0m;
  [90m6 |[0m [36mimport[0m { [33mDEV_AUTH_BYPASS[0m } [36mfrom[0m [32m"@/lib/dev-auth"[0m;

The export SignedOut was not found in module [project]/node_modules/@clerk/nextjs/dist/esm/index.js [app-ssr] (ecmascript).
Did you mean to import SignOutButton?
All exports of the module are statically known (It doesn't have dynamic exports). So it's known statically that the requested export doesn't exist.

Import trace:
  Server Component:
    ./src/components/RequireSignIn.tsx
    ./src/app/[locale]/dashboard/layout.tsx


[browser] Uncaught Error: ./src/components/RequireSignIn.tsx:3:1
Error: Export SignedIn doesn't exist in target module
  1 | "use client";
  2 |
> 3 | import { SignedIn, SignedOut } from "@clerk/nextjs";
    | ^^^^^^^^^^^^^^^^^^^^^^^^^^^^^^^^^^^^^^^^^^^^^^^^^^^^
  4 | import type { ReactNode } from "react";
  5 | import { Link } from "@/i18n/navigation";
  6 | import { DEV_AUTH_BYPASS } from "@/lib/dev-auth";

The export SignedIn was not found in module [project]/node_modules/@clerk/nextjs/dist/esm/index.js [app-client] (ecmascript).
Did you mean to import SignIn?
All exports of the module are statically known (It doesn't have dynamic exports). So it's known statically that the requested export doesn't exist.

Import trace:
  Server Component:
    ./src/components/RequireSignIn.tsx
    ./src/app/[locale]/dashboard/layout.tsx


    at <unknown> (Error: ./src/components/RequireSignIn.tsx:3:1)
    at <unknown> (Error: (./src/components/RequireSignIn.tsx:3:1)
[browser] ./src/components/RequireSignIn.tsx:3:1
Error: Export SignedIn doesn't exist in target module
  1 | "use client";
  2 |
> 3 | import { SignedIn, SignedOut } from "@clerk/nextjs";
    | ^^^^^^^^^^^^^^^^^^^^^^^^^^^^^^^^^^^^^^^^^^^^^^^^^^^^
  4 | import type { ReactNode } from "react";
  5 | import { Link } from "@/i18n/navigation";
  6 | import { DEV_AUTH_BYPASS } from "@/lib/dev-auth";

The export SignedIn was not found in module [project]/node_modules/@clerk/nextjs/dist/esm/index.js [app-client] (ecmascript).
Did you mean to import SignIn?
All exports of the module are statically known (It doesn't have dynamic exports). So it's known statically that the requested export doesn't exist.

Import trace:
  Server Component:
    ./src/components/RequireSignIn.tsx
    ./src/app/[locale]/dashboard/layout.tsx 
[browser] ./src/components/RequireSignIn.tsx:3:1
Error: Export SignedIn doesn't exist in target module
  1 | "use client";
  2 |
> 3 | import { SignedIn, SignedOut } from "@clerk/nextjs";
    | ^^^^^^^^^^^^^^^^^^^^^^^^^^^^^^^^^^^^^^^^^^^^^^^^^^^^
  4 | import type { ReactNode } from "react";
  5 | import { Link } from "@/i18n/navigation";
  6 | import { DEV_AUTH_BYPASS } from "@/lib/dev-auth";

The export SignedIn was not found in module [project]/node_modules/@clerk/nextjs/dist/esm/index.js [app-ssr] (ecmascript).
Did you mean to import SignIn?
All exports of the module are statically known (It doesn't have dynamic exports). So it's known statically that the requested export doesn't exist.

Import trace:
  Server Component:
    ./src/components/RequireSignIn.tsx
    ./src/app/[locale]/dashboard/layout.tsx 
[browser] ./src/components/RequireSignIn.tsx:3:1
Error: Export SignedOut doesn't exist in target module
  1 | "use client";
  2 |
> 3 | import { SignedIn, SignedOut } from "@clerk/nextjs";
    | ^^^^^^^^^^^^^^^^^^^^^^^^^^^^^^^^^^^^^^^^^^^^^^^^^^^^
  4 | import type { ReactNode } from "react";
  5 | import { Link } from "@/i18n/navigation";
  6 | import { DEV_AUTH_BYPASS } from "@/lib/dev-auth";

The export SignedOut was not found in module [project]/node_modules/@clerk/nextjs/dist/esm/index.js [app-client] (ecmascript).
Did you mean to import SignOutButton?
All exports of the module are statically known (It doesn't have dynamic exports). So it's known statically that the requested export doesn't exist.

Import trace:
  Server Component:
    ./src/components/RequireSignIn.tsx
    ./src/app/[locale]/dashboard/layout.tsx 
[browser] ./src/components/RequireSignIn.tsx:3:1
Error: Export SignedOut doesn't exist in target module
  1 | "use client";
  2 |
> 3 | import { SignedIn, SignedOut } from "@clerk/nextjs";
    | ^^^^^^^^^^^^^^^^^^^^^^^^^^^^^^^^^^^^^^^^^^^^^^^^^^^^
  4 | import type { ReactNode } from "react";
  5 | import { Link } from "@/i18n/navigation";
  6 | import { DEV_AUTH_BYPASS } from "@/lib/dev-auth";

The export SignedOut was not found in module [project]/node_modules/@clerk/nextjs/dist/esm/index.js [app-ssr] (ecmascript).
Did you mean to import SignOutButton?
All exports of the module are statically known (It doesn't have dynamic exports). So it's known statically that the requested export doesn't exist.

Import trace:
  Server Component:
    ./src/components/RequireSignIn.tsx
    ./src/app/[locale]/dashboard/layout.tsx 
[browser] ./src/components/RequireSignIn.tsx:3:1
Error: Export SignedIn doesn't exist in target module
  1 | "use client";
  2 |
> 3 | import { SignedIn, SignedOut } from "@clerk/nextjs";
    | ^^^^^^^^^^^^^^^^^^^^^^^^^^^^^^^^^^^^^^^^^^^^^^^^^^^^
  4 | import type { ReactNode } from "react";
  5 | import { Link } from "@/i18n/navigation";
  6 | import { DEV_AUTH_BYPASS } from "@/lib/dev-auth";

The export SignedIn was not found in module [project]/node_modules/@clerk/nextjs/dist/esm/index.js [app-client] (ecmascript).
Did you mean to import SignIn?
All exports of the module are statically known (It doesn't have dynamic exports). So it's known statically that the requested export doesn't exist.

Import trace:
  Server Component:
    ./src/components/RequireSignIn.tsx
    ./src/app/[locale]/dashboard/layout.tsx 
[browser] ./src/components/RequireSignIn.tsx:3:1
Error: Export SignedIn doesn't exist in target module
  1 | "use client";
  2 |
> 3 | import { SignedIn, SignedOut } from "@clerk/nextjs";
    | ^^^^^^^^^^^^^^^^^^^^^^^^^^^^^^^^^^^^^^^^^^^^^^^^^^^^
  4 | import type { ReactNode } from "react";
  5 | import { Link } from "@/i18n/navigation";
  6 | import { DEV_AUTH_BYPASS } from "@/lib/dev-auth";

The export SignedIn was not found in module [project]/node_modules/@clerk/nextjs/dist/esm/index.js [app-ssr] (ecmascript).
Did you mean to import SignIn?
All exports of the module are statically known (It doesn't have dynamic exports). So it's known statically that the requested export doesn't exist.

Import trace:
  Server Component:
    ./src/components/RequireSignIn.tsx
    ./src/app/[locale]/dashboard/layout.tsx 
[browser] ./src/components/RequireSignIn.tsx:3:1
Error: Export SignedOut doesn't exist in target module
  1 | "use client";
  2 |
> 3 | import { SignedIn, SignedOut } from "@clerk/nextjs";
    | ^^^^^^^^^^^^^^^^^^^^^^^^^^^^^^^^^^^^^^^^^^^^^^^^^^^^
  4 | import type { ReactNode } from "react";
  5 | import { Link } from "@/i18n/navigation";
  6 | import { DEV_AUTH_BYPASS } from "@/lib/dev-auth";

The export SignedOut was not found in module [project]/node_modules/@clerk/nextjs/dist/esm/index.js [app-client] (ecmascript).
Did you mean to import SignOutButton?
All exports of the module are statically known (It doesn't have dynamic exports). So it's known statically that the requested export doesn't exist.

Import trace:
  Server Component:
    ./src/components/RequireSignIn.tsx
    ./src/app/[locale]/dashboard/layout.tsx 
[browser] ./src/components/RequireSignIn.tsx:3:1
Error: Export SignedOut doesn't exist in target module
  1 | "use client";
  2 |
> 3 | import { SignedIn, SignedOut } from "@clerk/nextjs";
    | ^^^^^^^^^^^^^^^^^^^^^^^^^^^^^^^^^^^^^^^^^^^^^^^^^^^^
  4 | import type { ReactNode } from "react";
  5 | import { Link } from "@/i18n/navigation";
  6 | import { DEV_AUTH_BYPASS } from "@/lib/dev-auth";

The export SignedOut was not found in module [project]/node_modules/@clerk/nextjs/dist/esm/index.js [app-ssr] (ecmascript).
Did you mean to import SignOutButton?
All exports of the module are statically known (It doesn't have dynamic exports). So it's known statically that the requested export doesn't exist.

Import trace:
  Server Component:
    ./src/components/RequireSignIn.tsx
    ./src/app/[locale]/dashboard/layout.tsx 
[browser] Clerk: Clerk has been loaded with development keys. Development instances have strict usage limits and should not be used when deploying your application to production. Learn more: https://clerk.com/docs/deployments/overview (https://generous-sturgeon-79.clerk.accounts.dev/npm/@clerk/clerk-js@6/dist/clerk.browser.js:12:6133)
[browser] Clerk: Clerk has been loaded with development keys. Development instances have strict usage limits and should not be used when deploying your application to production. Learn more: https://clerk.com/docs/deployments/overview (https://generous-sturgeon-79.clerk.accounts.dev/npm/@clerk/clerk-js@6/dist/clerk.browser.js:12:6133)
[browser] Clerk: Clerk has been loaded with development keys. Development instances have strict usage limits and should not be used when deploying your application to production. Learn more: https://clerk.com/docs/deployments/overview (https://generous-sturgeon-79.clerk.accounts.dev/npm/@clerk/clerk-js@6.28.1/dist/clerk.browser.js:12:6137)
[browser] Clerk: Clerk has been loaded with development keys. Development instances have strict usage limits and should not be used when deploying your application to production. Learn more: https://clerk.com/docs/deployments/overview (https://generous-sturgeon-79.clerk.accounts.dev/npm/@clerk/clerk-js@6.28.1/dist/clerk.browser.js:12:6137)
[browser] Clerk: Clerk has been loaded with development keys. Development instances have strict usage limits and should not be used when deploying your application to production. Learn more: https://clerk.com/docs/deployments/overview (https://generous-sturgeon-79.clerk.accounts.dev/npm/@clerk/clerk-js@6.28.1/dist/clerk.browser.js:12:6137)
[browser] Clerk: Clerk has been loaded with development keys. Development instances have strict usage limits and should not be used when deploying your application to production. Learn more: https://clerk.com/docs/deployments/overview (https://generous-sturgeon-79.clerk.accounts.dev/npm/@clerk/clerk-js@6.28.1/dist/clerk.browser.js:12:6137)
[browser] Clerk: Clerk has been loaded with development keys. Development instances have strict usage limits and should not be used when deploying your application to production. Learn more: https://clerk.com/docs/deployments/overview (https://generous-sturgeon-79.clerk.accounts.dev/npm/@clerk/clerk-js@6.28.1/dist/clerk.browser.js:12:6137)
[browser] Clerk: Clerk has been loaded with development keys. Development instances have strict usage limits and should not be used when deploying your application to production. Learn more: https://clerk.com/docs/deployments/overview (https://generous-sturgeon-79.clerk.accounts.dev/npm/@clerk/clerk-js@6.28.1/dist/clerk.browser.js:12:6137)
[browser] Clerk: Clerk has been loaded with development keys. Development instances have strict usage limits and should not be used when deploying your application to production. Learn more: https://clerk.com/docs/deployments/overview (https://generous-sturgeon-79.clerk.accounts.dev/npm/@clerk/clerk-js@6.28.1/dist/clerk.browser.js:12:6137)
[browser] Clerk: Clerk has been loaded with development keys. Development instances have strict usage limits and should not be used when deploying your application to production. Learn more: https://clerk.com/docs/deployments/overview (https://generous-sturgeon-79.clerk.accounts.dev/npm/@clerk/clerk-js@6.28.1/dist/clerk.browser.js:12:6137)
[browser] Clerk: Clerk has been loaded with development keys. Development instances have strict usage limits and should not be used when deploying your application to production. Learn more: https://clerk.com/docs/deployments/overview (https://generous-sturgeon-79.clerk.accounts.dev/npm/@clerk/clerk-js@6.28.1/dist/clerk.browser.js:12:6137)
[browser] Clerk: Clerk has been loaded with development keys. Development instances have strict usage limits and should not be used when deploying your application to production. Learn more: https://clerk.com/docs/deployments/overview (https://generous-sturgeon-79.clerk.accounts.dev/npm/@clerk/clerk-js@6.28.1/dist/clerk.browser.js:12:6137)
[browser] Clerk: Clerk has been loaded with development keys. Development instances have strict usage limits and should not be used when deploying your application to production. Learn more: https://clerk.com/docs/deployments/overview (https://generous-sturgeon-79.clerk.accounts.dev/npm/@clerk/clerk-js@6.28.1/dist/clerk.browser.js:12:6137)
[browser] Clerk: Clerk has been loaded with development keys. Development instances have strict usage limits and should not be used when deploying your application to production. Learn more: https://clerk.com/docs/deployments/overview (https://generous-sturgeon-79.clerk.accounts.dev/npm/@clerk/clerk-js@6.28.1/dist/clerk.browser.js:12:6137)
[browser] Clerk: Clerk has been loaded with development keys. Development instances have strict usage limits and should not be used when deploying your application to production. Learn more: https://clerk.com/docs/deployments/overview (https://generous-sturgeon-79.clerk.accounts.dev/npm/@clerk/clerk-js@6.28.1/dist/clerk.browser.js:12:6137)
[browser] Clerk: Clerk has been loaded with development keys. Development instances have strict usage limits and should not be used when deploying your application to production. Learn more: https://clerk.com/docs/deployments/overview (https://generous-sturgeon-79.clerk.accounts.dev/npm/@clerk/clerk-js@6.28.1/dist/clerk.browser.js:12:6137)
[browser] Clerk: Clerk has been loaded with development keys. Development instances have strict usage limits and should not be used when deploying your application to production. Learn more: https://clerk.com/docs/deployments/overview (https://generous-sturgeon-79.clerk.accounts.dev/npm/@clerk/clerk-js@6.28.1/dist/clerk.browser.js:12:6137)
[browser] Clerk: Clerk has been loaded with development keys. Development instances have strict usage limits and should not be used when deploying your application to production. Learn more: https://clerk.com/docs/deployments/overview (https://generous-sturgeon-79.clerk.accounts.dev/npm/@clerk/clerk-js@6.28.1/dist/clerk.browser.js:12:6137)
[browser] Clerk: Clerk has been loaded with development keys. Development instances have strict usage limits and should not be used when deploying your application to production. Learn more: https://clerk.com/docs/deployments/overview (https://generous-sturgeon-79.clerk.accounts.dev/npm/@clerk/clerk-js@6.28.1/dist/clerk.browser.js:12:6137)
[browser] Clerk: Clerk has been loaded with development keys. Development instances have strict usage limits and should not be used when deploying your application to production. Learn more: https://clerk.com/docs/deployments/overview (https://generous-sturgeon-79.clerk.accounts.dev/npm/@clerk/clerk-js@6.28.1/dist/clerk.browser.js:12:6137)
[browser] Clerk: Clerk has been loaded with development keys. Development instances have strict usage limits and should not be used when deploying your application to production. Learn more: https://clerk.com/docs/deployments/overview (https://generous-sturgeon-79.clerk.accounts.dev/npm/@clerk/clerk-js@6.28.1/dist/clerk.browser.js:12:6137)
